// Jest Snapshot v1, https://goo.gl/fbAQLP

exports[`PersonTable.vue sould render the list of persons 1`] = `
<table
  class="table is-bordered is-striped is-narrow is-hoverable is-fullwidth"
>
  <thead>
    <tr>
      <th>
        Name
      </th>
      <th>
        Age
      </th>
      <th>
        Email
      </th>
      <th>
        City
      </th>
      <th>
        Country
      </th>
    </tr>
  </thead>
  <tbody>
    
    <tr>
      <td>
        test
      </td>
      <td>
        testLast
      </td>
      <td>
        test@test.com
      </td>
      <td>
        paris
      </td>
      <td>
        france
      </td>
    </tr>
    
  </tbody>
</table>
`;
